// Jest Snapshot v1, https://goo.gl/fbAQLP

exports[`Contact Details screen Snapshot ContactDetails 1`] = `
<View
  style={
    Object {
      "alignItems": "center",
      "backgroundColor": "#F7F7F7",
      "flex": 1,
    }
  }
>
  <View
    onLayout={[Function]}
    style={
      Object {
        "flex": 1,
      }
    }
  >
    <RCTScrollView
      alwaysBounceVertical={false}
      bounces={false}
      keyboardDismissMode={true}
      keyboardShouldPersistTaps="handled"
      showsVerticalScrollIndicator={false}
    >
      <View>
        <View>
          <View
            style={
              Object {
                "justifyContent": "space-around",
                "width": 724,
              }
            }
          >
            <Text
              style={
                Array [
                  Object {
                    "color": "#8D8C91",
                    "fontFamily": "SofiaPro-Medium",
                    "fontSize": 16,
                    "marginTop": 160.07999999999998,
                  },
                ]
              }
            >
              [missing "en.CONTACT_DETAILS_SCREEN_STRINGS.SCREEN_NUMBER" translation]
            </Text>
            <Text
              style={
                Array [
                  Object {
                    "color": "#2B342C",
                    "fontFamily": "SofiaPro-Medium",
                    "fontSize": 24,
                    "fontWeight": "600",
                  },
                ]
              }
            >
              [missing "en.CONTACT_DETAILS_SCREEN_STRINGS.CONTACT_DETAILS_TITLE" translation]
            </Text>
            <View
              style={
                Object {
                  "height": "auto",
                  "marginTop": 24,
                  "width": 726,
                }
              }
            >
              <Text
                style={
                  Array [
                    Object {
                      "color": "#2B342C",
                      "fontFamily": "SofiaProRegular",
                      "fontSize": 12,
                      "height": 16,
                      "marginTop": 16,
                    },
                  ]
                }
              >
                [missing "en.CONTACT_DETAILS_SCREEN_STRINGS.EMAIL_LABEL" translation]*
              </Text>
              <View
                style={
                  Array [
                    Object {
                      "height": "auto",
                      "width": 724,
                    },
                    undefined,
                  ]
                }
              >
                <View
                  style={
                    Array [
                      Object {
                        "alignItems": "center",
                        "backgroundColor": "#FFFFFF",
                        "borderRadius": 4,
                        "height": 48,
                        "justifyContent": "center",
                        "marginTop": 4,
                        "width": "100%",
                      },
                      undefined,
                      null,
                    ]
                  }
                >
                  <TextInput
                    accessibilityLabel="addEmail"
                    accessible={true}
                    allowFontScaling={true}
                    autoCapitalize="none"
                    blurOnSubmit={false}
                    keyboardType="email-address"
                    numberOfLines={1}
                    onBlur={[Function]}
                    onChangeText={[Function]}
                    onSubmitEditing={[Function]}
                    placeholder="[missing \\"en.CONTACT_DETAILS_SCREEN_STRINGS.EMAIL_LABEL\\" translation]"
                    placeholderTextColor="#8D8C91"
                    rejectResponderTermination={true}
                    returnKeyType="next"
                    style={
                      Array [
                        Object {
                          "color": "#2B342C",
                          "fontSize": 18,
                          "fontWeight": "500",
                          "lineHeight": 20,
                          "paddingLeft": 19,
                          "paddingRight": 19,
                          "width": "100%",
                        },
                        Object {},
                      ]
                    }
                    testID="addEmail"
                    underlineColorAndroid="transparent"
                    value=""
                  />
                </View>
              </View>
              <Text
                style={
                  Array [
                    Object {
                      "color": "#2B342C",
                      "fontFamily": "SofiaProRegular",
                      "fontSize": 12,
                      "height": 16,
                      "marginTop": 16,
                    },
                  ]
                }
              >
                [missing "en.CONTACT_DETAILS_SCREEN_STRINGS.PHONE_NUMBER_LABEL" translation]*
              </Text>
              <View
                style={
                  Object {
                    "height": "auto",
                    "width": "100%",
                  }
                }
              >
                <View
                  style={
                    Array [
                      Object {
                        "backgroundColor": "#FFFFFF",
                        "borderRadius": 4,
                        "flexDirection": "row",
                        "height": 48,
                        "marginTop": 4,
                        "paddingHorizontal": 15,
                        "width": "99%",
                      },
                      undefined,
                      undefined,
                      null,
                    ]
                  }
                >
                  <View
                    style={
                      Object {
                        "alignItems": "center",
                        "borderRightColor": "#8D8C91",
                        "borderRightWidth": 1,
                        "flexDirection": "row",
                        "marginRight": 5,
                        "paddingRight": 8,
                      }
                    }
                  >
                    <Image
                      source={
                        Object {
                          "ReactComponent": [Function],
                        }
                      }
                      style={
                        Object {
                          "height": 12,
                          "marginLeft": 5,
                          "marginRight": 3,
                          "width": 12,
                        }
                      }
                    />
                  </View>
                  <TextInput
                    accessibilityLabel="Phone"
                    accessible={true}
                    allowFontScaling={true}
                    blurOnSubmit={false}
                    editable={true}
                    inputAccessoryViewID="phoneInputAccessoryViewID"
                    keyboardType="phone-pad"
                    maxLength={11}
                    numberOfLines={1}
                    onBlur={[Function]}
                    onChangeText={[Function]}
                    onSubmitEditing={[Function]}
                    placeholder="_ _ _ _ _ _ _ _ _ _"
                    placeholderTextColor="#8D8C91"
                    rejectResponderTermination={true}
                    returnKeyType="next"
                    scrollEnabled={false}
                    style={
                      Array [
                        Object {
                          "bottom": 0,
                          "color": "#2B342C",
                          "flex": 7,
                          "fontFamily": "SofiaProRegular",
                          "fontSize": 18,
                          "height": 48,
                          "paddingLeft": 8,
                          "paddingRight": 19,
                          "paddingTop": 18,
                          "textAlignVertical": "center",
                        },
                      ]
                    }
                    testID="Phone"
                    underlineColorAndroid="transparent"
                    value=""
                  />
                </View>
              </View>
              <Text
                style={
                  Array [
                    Object {
                      "color": "#2B342C",
                      "fontFamily": "SofiaProRegular",
                      "fontSize": 12,
                      "height": 16,
                      "marginTop": 16,
                    },
                  ]
                }
              >
                [missing "en.LOGIN_SCREEN_STRINGS.PASSWORD_LABEL" translation]*
              </Text>
              <View
                style={
                  Array [
                    Object {
                      "height": "auto",
                      "width": 724,
                    },
                    undefined,
                  ]
                }
              >
                <View
                  style={
                    Array [
                      Object {
                        "alignItems": "center",
                        "backgroundColor": "#FFFFFF",
                        "borderRadius": 4,
                        "height": 48,
                        "justifyContent": "center",
                        "marginTop": 4,
                        "width": "100%",
                      },
                      undefined,
                      Object {
                        "flexDirection": "row",
                      },
                      null,
                    ]
                  }
                >
                  <TextInput
                    accessibilityLabel="addPassword"
                    allowFontScaling={true}
                    blurOnSubmit={false}
                    editable={true}
                    onBlur={[Function]}
                    onChangeText={[Function]}
                    onSubmitEditing={[Function]}
                    placeholder="[missing \\"en.LOGIN_SCREEN_STRINGS.PASSWORD_LABEL\\" translation]"
                    placeholderTextColor="#8D8C91"
                    rejectResponderTermination={true}
                    returnKeyType="done"
                    secureTextEntry={true}
                    style={
                      Array [
                        Object {
                          "color": "#2B342C",
                          "fontSize": 18,
                          "fontWeight": "500",
                          "lineHeight": 20,
                          "paddingLeft": 19,
                          "paddingRight": 19,
                          "width": "100%",
                        },
                        Object {
                          "marginLeft": 0,
                          "width": "90%",
                        },
                      ]
                    }
                    testID="addPassword"
                    underlineColorAndroid="transparent"
                    value=""
                  />
                  <View
                    accessibilityLabel="Eye"
                    accessible={true}
                    focusable={true}
                    onClick={[Function]}
                    onResponderGrant={[Function]}
                    onResponderMove={[Function]}
                    onResponderRelease={[Function]}
                    onResponderTerminate={[Function]}
                    onResponderTerminationRequest={[Function]}
                    onStartShouldSetResponder={[Function]}
                    style={
                      Object {
                        "opacity": 1,
                      }
                    }
                    testID="Eye"
                  >
                    <View
                      style={
                        Array [
                          Object {
                            "overflow": "hidden",
                          },
                          Object {
                            "height": 25,
                            "marginRight": 18,
                            "width": 25,
                          },
                        ]
                      }
                    >
                      <FastImageView
                        resizeMode="cover"
                        source={
                          Object {
                            "cache": "immutable",
                            "uri": undefined,
                          }
                        }
                        style={
                          Object {
                            "bottom": 0,
                            "left": 0,
                            "position": "absolute",
                            "right": 0,
                            "top": 0,
                          }
                        }
                      />
                    </View>
                  </View>
                </View>
              </View>
              <View
                style={
                  Object {
                    "alignItems": "center",
                    "flexDirection": "row",
                    "height": "auto",
                    "marginTop": 16,
                    "width": "100%",
                  }
                }
              >
                <View
                  style={
                    Array [
                      Object {
                        "height": 24,
                        "width": 24,
                      },
                    ]
                  }
                >
                  <View
                    accessibilityLabel="CheckBox"
                    accessible={true}
                    focusable={true}
                    onClick={[Function]}
                    onResponderGrant={[Function]}
                    onResponderMove={[Function]}
                    onResponderRelease={[Function]}
                    onResponderTerminate={[Function]}
                    onResponderTerminationRequest={[Function]}
                    onStartShouldSetResponder={[Function]}
                    style={
                      Object {
                        "alignItems": "center",
                        "backgroundColor": "#FFFFFF",
                        "borderColor": "#FF0000",
                        "borderRadius": 4,
                        "borderWidth": 1,
                        "height": 24,
                        "justifyContent": "center",
                        "marginTop": 4,
                        "opacity": 1,
                        "width": 24,
                      }
                    }
                    testID="CheckBox"
                  >
                    <Image
                      resizeMode="contain"
                      source={
                        Object {
                          "ReactComponent": [Function],
                        }
                      }
                      style={
                        Object {
                          "height": 22,
                          "width": 22,
                        }
                      }
                    />
                  </View>
                </View>
                <Text
                  style={
                    Object {
                      "color": "#FF0000",
                      "fontFamily": "SofiaProRegular",
                      "fontSize": 12,
                      "lineHeight": 20,
                      "marginLeft": 16,
                    }
                  }
                >
                  [missing "en.CONTACT_DETAILS_SCREEN_STRINGS.AGREE_LABEL" translation]
                   
                </Text>
                <View
                  accessible={true}
                  focusable={true}
                  onClick={[Function]}
                  onResponderGrant={[Function]}
                  onResponderMove={[Function]}
                  onResponderRelease={[Function]}
                  onResponderTerminate={[Function]}
                  onResponderTerminationRequest={[Function]}
                  onStartShouldSetResponder={[Function]}
                  style={
                    Object {
                      "marginLeft": -13,
                      "opacity": 1,
                    }
                  }
                >
                  <Text
                    style={
                      Array [
                        Object {
                          "color": "#FF0000",
                          "fontFamily": "SofiaProRegular",
                          "fontSize": 12,
                          "lineHeight": 20,
                          "marginLeft": 16,
                        },
                        Object {
                          "fontFamily": "SofiaPro-Bold",
                        },
                      ]
                    }
                  >
                    [missing "en.CONTACT_DETAILS_SCREEN_STRINGS.PRIVACY_POLICY_LABEL" translation]
                     
                  </Text>
                </View>
              </View>
              <View
                accessible={true}
                focusable={true}
                onClick={[Function]}
                onResponderGrant={[Function]}
                onResponderMove={[Function]}
                onResponderRelease={[Function]}
                onResponderTerminate={[Function]}
                onResponderTerminationRequest={[Function]}
                onStartShouldSetResponder={[Function]}
                style={
                  Object {
                    "flexDirection": "row",
                    "marginLeft": 40,
                    "opacity": 1,
                  }
                }
              >
                <Text>
                  & 
                </Text>
                <Text
                  style={
                    Array [
                      Object {
                        "color": "#FF0000",
                        "fontFamily": "SofiaProRegular",
                        "fontSize": 12,
                        "lineHeight": 20,
                        "marginLeft": 16,
                      },
                      Object {
                        "fontFamily": "SofiaPro-Bold",
                        "marginLeft": 0,
                      },
                    ]
                  }
                >
                  [missing "en.CONTACT_DETAILS_SCREEN_STRINGS.T_AND_C_LABEL" translation]
                </Text>
              </View>
            </View>
          </View>
        </View>
      </View>
    </RCTScrollView>
  </View>
  <View
    style={
      Object {
        "height": 118,
        "justifyContent": "space-between",
        "width": 722,
      }
    }
  >
    <View
      style={
        Array [
          Object {
            "alignItems": "center",
            "borderRadius": 4,
            "height": 52,
            "justifyContent": "center",
            "shadowColor": "#DDDDDD",
            "shadowOffset": Object {
              "height": 8,
              "width": 0,
            },
            "shadowOpacity": 0.75,
            "shadowRadius": 4,
          },
          Object {
            "backgroundColor": "#565655",
          },
        ]
      }
    >
      <View
        accessibilityLabel="Continue"
        accessible={true}
        focusable={true}
        onClick={[Function]}
        onResponderGrant={[Function]}
        onResponderMove={[Function]}
        onResponderRelease={[Function]}
        onResponderTerminate={[Function]}
        onResponderTerminationRequest={[Function]}
        onStartShouldSetResponder={[Function]}
        style={
          Object {
            "alignItems": "center",
            "backgroundColor": "#565655",
            "borderRadius": 4,
            "height": "100%",
            "justifyContent": "center",
            "opacity": 1,
            "width": 718,
          }
        }
        testID="Continue"
      >
        <Text
          numberOfLines={1}
          style={
            Array [
              Object {
                "fontFamily": "SofiaProRegular",
                "fontSize": 17,
                "textAlign": "center",
              },
              Object {
                "color": "#FFFFFF",
              },
            ]
          }
        >
          [missing "en.LOGIN_SCREEN_STRINGS.CONTINUE_LABEL" translation]
        </Text>
      </View>
    </View>
  </View>
</View>
`;
