// Jest Snapshot v1, https://goo.gl/fbAQLP

exports[`Feeling screen Snapshot Feeling 1`] = `
<View
  style={
    Object {
      "alignItems": "center",
      "backgroundColor": "#F7F7F7",
      "flex": 1,
    }
  }
>
  <RCTScrollView
    bounces={false}
    style={
      Object {
        "bottom": 24,
        "width": 750,
      }
    }
  >
    <View>
      <View
        style={
          Object {
            "alignSelf": "center",
            "width": 722,
          }
        }
      >
        <Text
          style={
            Array [
              Object {
                "color": "#8D8C91",
                "fontFamily": "SofiaPro-Medium",
                "fontSize": 16,
                "marginTop": 160.07999999999998,
              },
            ]
          }
        >
          5/7
        </Text>
        <Text
          style={
            Array [
              Object {
                "color": "#2B342C",
                "fontFamily": "SofiaPro-Medium",
                "fontSize": 24,
                "fontWeight": "600",
              },
            ]
          }
        >
          How are you feeling right now?
        </Text>
        <Text
          style={
            Array [
              Object {
                "color": "#8D8C91",
                "fontFamily": "SofiaPro-Medium",
                "fontSize": 18,
                "marginTop": 26,
              },
            ]
          }
        >
          Choose the answer
        </Text>
      </View>
      <View
        style={
          Object {
            "alignItems": "center",
            "marginBottom": 8,
            "marginTop": 104.052,
          }
        }
      >
        <View
          style={
            Array [
              Object {
                "alignItems": "center",
                "borderRadius": 4,
                "height": 52,
                "justifyContent": "center",
                "shadowColor": "#DDDDDD",
                "shadowOffset": Object {
                  "height": 8,
                  "width": 0,
                },
                "shadowOpacity": 0.75,
                "shadowRadius": 4,
              },
              Object {
                "backgroundColor": "#FFFFFF",
                "marginTop": 20,
                "width": 724,
              },
            ]
          }
        >
          <View
            accessibilityLabel="FeelingOne"
            accessible={true}
            focusable={true}
            onClick={[Function]}
            onResponderGrant={[Function]}
            onResponderMove={[Function]}
            onResponderRelease={[Function]}
            onResponderTerminate={[Function]}
            onResponderTerminationRequest={[Function]}
            onStartShouldSetResponder={[Function]}
            style={
              Object {
                "alignItems": "center",
                "backgroundColor": "#FFFFFF",
                "borderRadius": 4,
                "height": "100%",
                "justifyContent": "center",
                "opacity": 1,
                "width": 718,
              }
            }
            testID="FeelingOne"
          >
            <Text
              numberOfLines={1}
              style={
                Array [
                  Object {
                    "fontFamily": "SofiaProRegular",
                    "fontSize": 17,
                    "textAlign": "center",
                  },
                  Object {
                    "color": "#2B342C",
                  },
                ]
              }
            >
              I feel great
            </Text>
          </View>
        </View>
        <View
          style={
            Array [
              Object {
                "alignItems": "center",
                "borderRadius": 4,
                "height": 52,
                "justifyContent": "center",
                "shadowColor": "#DDDDDD",
                "shadowOffset": Object {
                  "height": 8,
                  "width": 0,
                },
                "shadowOpacity": 0.75,
                "shadowRadius": 4,
              },
              Object {
                "backgroundColor": "#FFFFFF",
                "marginTop": 20,
                "width": 724,
              },
            ]
          }
        >
          <View
            accessibilityLabel="FeelingTwo"
            accessible={true}
            focusable={true}
            onClick={[Function]}
            onResponderGrant={[Function]}
            onResponderMove={[Function]}
            onResponderRelease={[Function]}
            onResponderTerminate={[Function]}
            onResponderTerminationRequest={[Function]}
            onStartShouldSetResponder={[Function]}
            style={
              Object {
                "alignItems": "center",
                "backgroundColor": "#FFFFFF",
                "borderRadius": 4,
                "height": "100%",
                "justifyContent": "center",
                "opacity": 1,
                "width": 718,
              }
            }
            testID="FeelingTwo"
          >
            <Text
              numberOfLines={1}
              style={
                Array [
                  Object {
                    "fontFamily": "SofiaProRegular",
                    "fontSize": 17,
                    "textAlign": "center",
                  },
                  Object {
                    "color": "#2B342C",
                  },
                ]
              }
            >
              I feel normal
            </Text>
          </View>
        </View>
        <View
          style={
            Array [
              Object {
                "alignItems": "center",
                "borderRadius": 4,
                "height": 52,
                "justifyContent": "center",
                "shadowColor": "#DDDDDD",
                "shadowOffset": Object {
                  "height": 8,
                  "width": 0,
                },
                "shadowOpacity": 0.75,
                "shadowRadius": 4,
              },
              Object {
                "backgroundColor": "#FFFFFF",
                "marginTop": 20,
                "width": 724,
              },
            ]
          }
        >
          <View
            accessibilityLabel="FeelingThree"
            accessible={true}
            focusable={true}
            onClick={[Function]}
            onResponderGrant={[Function]}
            onResponderMove={[Function]}
            onResponderRelease={[Function]}
            onResponderTerminate={[Function]}
            onResponderTerminationRequest={[Function]}
            onStartShouldSetResponder={[Function]}
            style={
              Object {
                "alignItems": "center",
                "backgroundColor": "#FFFFFF",
                "borderRadius": 4,
                "height": "100%",
                "justifyContent": "center",
                "opacity": 1,
                "width": 718,
              }
            }
            testID="FeelingThree"
          >
            <Text
              numberOfLines={1}
              style={
                Array [
                  Object {
                    "fontFamily": "SofiaProRegular",
                    "fontSize": 17,
                    "textAlign": "center",
                  },
                  Object {
                    "color": "#2B342C",
                  },
                ]
              }
            >
              I’m not too sure
            </Text>
          </View>
        </View>
        <View
          style={
            Array [
              Object {
                "alignItems": "center",
                "borderRadius": 4,
                "height": 52,
                "justifyContent": "center",
                "shadowColor": "#DDDDDD",
                "shadowOffset": Object {
                  "height": 8,
                  "width": 0,
                },
                "shadowOpacity": 0.75,
                "shadowRadius": 4,
              },
              Object {
                "backgroundColor": "#FFFFFF",
                "marginTop": 20,
                "width": 724,
              },
            ]
          }
        >
          <View
            accessibilityLabel="FeelingFour"
            accessible={true}
            focusable={true}
            onClick={[Function]}
            onResponderGrant={[Function]}
            onResponderMove={[Function]}
            onResponderRelease={[Function]}
            onResponderTerminate={[Function]}
            onResponderTerminationRequest={[Function]}
            onStartShouldSetResponder={[Function]}
            style={
              Object {
                "alignItems": "center",
                "backgroundColor": "#FFFFFF",
                "borderRadius": 4,
                "height": "100%",
                "justifyContent": "center",
                "opacity": 1,
                "width": 718,
              }
            }
            testID="FeelingFour"
          >
            <Text
              numberOfLines={1}
              style={
                Array [
                  Object {
                    "fontFamily": "SofiaProRegular",
                    "fontSize": 17,
                    "textAlign": "center",
                  },
                  Object {
                    "color": "#2B342C",
                  },
                ]
              }
            >
              I don’t feel well
            </Text>
          </View>
        </View>
      </View>
    </View>
  </RCTScrollView>
  <View
    style={
      Object {
        "bottom": 130.732,
        "height": 50,
        "justifyContent": "space-between",
        "width": 722,
      }
    }
  >
    <View
      style={
        Array [
          Object {
            "alignItems": "center",
            "borderRadius": 4,
            "height": 52,
            "justifyContent": "center",
            "shadowColor": "#DDDDDD",
            "shadowOffset": Object {
              "height": 8,
              "width": 0,
            },
            "shadowOpacity": 0.75,
            "shadowRadius": 4,
          },
          Object {
            "backgroundColor": "#8D8C91",
          },
        ]
      }
    >
      <View
        accessibilityLabel="Continue"
        accessible={true}
        focusable={true}
        onClick={[Function]}
        onResponderGrant={[Function]}
        onResponderMove={[Function]}
        onResponderRelease={[Function]}
        onResponderTerminate={[Function]}
        onResponderTerminationRequest={[Function]}
        onStartShouldSetResponder={[Function]}
        style={
          Object {
            "alignItems": "center",
            "backgroundColor": undefined,
            "borderRadius": 4,
            "height": "100%",
            "justifyContent": "center",
            "opacity": 1,
            "width": 718,
          }
        }
        testID="Continue"
      >
        <Text
          numberOfLines={1}
          style={
            Array [
              Object {
                "fontFamily": "SofiaProRegular",
                "fontSize": 17,
                "textAlign": "center",
              },
              Object {
                "color": "#FFFFFF",
              },
            ]
          }
        >
          Continue
        </Text>
      </View>
    </View>
    <Text
      accessibilityLabel="Skip"
      accessible={true}
      onPress={[Function]}
      style={
        Object {
          "alignSelf": "center",
          "color": "#2B342C",
          "fontFamily": "SofiaProRegular",
          "fontSize": 16,
          "marginTop": 5,
          "paddingVertical": 15,
          "textAlign": "center",
          "width": 694,
        }
      }
      testID="Skip"
    >
      [missing "en.STRINGS.SKIP" translation]
    </Text>
  </View>
</View>
`;
