// Jest Snapshot v1, https://goo.gl/fbAQLP

exports[`Password settings screen Snapshot Password settings 1`] = `
<View
  style={
    Object {
      "alignItems": "center",
      "backgroundColor": "#FFFFFF",
      "flex": 1,
    }
  }
>
  <View
    onLayout={[Function]}
    style={
      Object {
        "flex": 1,
      }
    }
  >
    <RCTScrollView
      alwaysBounceVertical={false}
      bounces={false}
      showsVerticalScrollIndicator={false}
    >
      <View>
        <View
          style={
            Object {
              "justifyContent": "space-around",
              "width": 724,
            }
          }
        >
          <Text
            style={
              Array [
                Object {
                  "color": "#2B342C",
                  "fontFamily": "SofiaPro-Medium",
                  "fontSize": 24,
                  "fontWeight": "600",
                  "marginTop": 200.1,
                },
              ]
            }
          >
            [missing "en.PASSWORD_SETTINGS.PASSWORD_TITLE" translation]
          </Text>
          <View
            style={
              Object {
                "height": "auto",
                "marginTop": 20,
                "width": 724,
              }
            }
          >
            <View>
              <Text
                style={
                  Array [
                    Object {
                      "color": "#2B342C",
                      "fontFamily": "SofiaProRegular",
                      "fontSize": 12,
                      "height": 16,
                      "marginTop": 16,
                    },
                  ]
                }
              >
                [missing "en.PASSWORD_SETTINGS.CURRENT_PASSWORD" translation]
              </Text>
              <View
                style={
                  Array [
                    Object {
                      "height": "auto",
                      "width": 724,
                    },
                    Object {
                      "backgroundColor": "#FFFFFF",
                    },
                  ]
                }
              >
                <View
                  style={
                    Array [
                      Object {
                        "alignItems": "center",
                        "backgroundColor": "#FFFFFF",
                        "borderRadius": 4,
                        "height": 48,
                        "justifyContent": "center",
                        "marginTop": 4,
                        "width": "100%",
                      },
                      Object {
                        "backgroundColor": "#F7F7F7",
                        "borderRadius": 4,
                        "flexDirection": "row",
                        "marginTop": 4,
                      },
                      Object {
                        "flexDirection": "row",
                      },
                      null,
                    ]
                  }
                >
                  <TextInput
                    accessibilityLabel="oldPassword"
                    allowFontScaling={true}
                    blurOnSubmit={false}
                    editable={true}
                    onChangeText={[Function]}
                    onSubmitEditing={[Function]}
                    placeholder="[missing \\"en.PASSWORD_SETTINGS.ENTER_THE_PASSWORD\\" translation]"
                    placeholderTextColor="#8D8C91"
                    rejectResponderTermination={true}
                    returnKeyType="next"
                    secureTextEntry={true}
                    style={
                      Array [
                        Object {
                          "color": "#2B342C",
                          "fontSize": 18,
                          "fontWeight": "500",
                          "lineHeight": 20,
                          "paddingLeft": 19,
                          "paddingRight": 19,
                          "width": "100%",
                        },
                        Object {
                          "marginLeft": 0,
                          "width": "90%",
                        },
                      ]
                    }
                    testID="oldPassword"
                    underlineColorAndroid="transparent"
                    value=""
                  />
                  <View
                    accessibilityLabel="Eye"
                    accessible={true}
                    focusable={true}
                    onClick={[Function]}
                    onResponderGrant={[Function]}
                    onResponderMove={[Function]}
                    onResponderRelease={[Function]}
                    onResponderTerminate={[Function]}
                    onResponderTerminationRequest={[Function]}
                    onStartShouldSetResponder={[Function]}
                    style={
                      Object {
                        "opacity": 1,
                      }
                    }
                    testID="Eye"
                  >
                    <View
                      style={
                        Array [
                          Object {
                            "overflow": "hidden",
                          },
                          Object {
                            "height": 25,
                            "marginRight": 18,
                            "width": 25,
                          },
                        ]
                      }
                    >
                      <FastImageView
                        resizeMode="cover"
                        source={
                          Object {
                            "cache": "immutable",
                            "uri": undefined,
                          }
                        }
                        style={
                          Object {
                            "bottom": 0,
                            "left": 0,
                            "position": "absolute",
                            "right": 0,
                            "top": 0,
                          }
                        }
                      />
                    </View>
                  </View>
                </View>
              </View>
            </View>
            <View>
              <Text
                style={
                  Array [
                    Object {
                      "color": "#2B342C",
                      "fontFamily": "SofiaProRegular",
                      "fontSize": 12,
                      "height": 16,
                      "marginTop": 16,
                    },
                  ]
                }
              >
                [missing "en.PASSWORD_SETTINGS.NEW_PASSWORD" translation]
              </Text>
              <View
                style={
                  Array [
                    Object {
                      "height": "auto",
                      "width": 724,
                    },
                    Object {
                      "backgroundColor": "#FFFFFF",
                    },
                  ]
                }
              >
                <View
                  style={
                    Array [
                      Object {
                        "alignItems": "center",
                        "backgroundColor": "#FFFFFF",
                        "borderRadius": 4,
                        "height": 48,
                        "justifyContent": "center",
                        "marginTop": 4,
                        "width": "100%",
                      },
                      Object {
                        "backgroundColor": "#F7F7F7",
                        "borderRadius": 4,
                        "flexDirection": "row",
                        "marginTop": 4,
                      },
                      Object {
                        "flexDirection": "row",
                      },
                      null,
                    ]
                  }
                >
                  <TextInput
                    accessibilityLabel="newPassword"
                    allowFontScaling={true}
                    blurOnSubmit={false}
                    editable={true}
                    onChangeText={[Function]}
                    onSubmitEditing={[Function]}
                    placeholder="[missing \\"en.PASSWORD_SETTINGS.ENTER_NEW_PASSWORD\\" translation]"
                    placeholderTextColor="#8D8C91"
                    rejectResponderTermination={true}
                    returnKeyType="next"
                    secureTextEntry={true}
                    style={
                      Array [
                        Object {
                          "color": "#2B342C",
                          "fontSize": 18,
                          "fontWeight": "500",
                          "lineHeight": 20,
                          "paddingLeft": 19,
                          "paddingRight": 19,
                          "width": "100%",
                        },
                        Object {
                          "marginLeft": 0,
                          "width": "90%",
                        },
                      ]
                    }
                    testID="newPassword"
                    underlineColorAndroid="transparent"
                    value=""
                  />
                  <View
                    accessibilityLabel="Eye"
                    accessible={true}
                    focusable={true}
                    onClick={[Function]}
                    onResponderGrant={[Function]}
                    onResponderMove={[Function]}
                    onResponderRelease={[Function]}
                    onResponderTerminate={[Function]}
                    onResponderTerminationRequest={[Function]}
                    onStartShouldSetResponder={[Function]}
                    style={
                      Object {
                        "opacity": 1,
                      }
                    }
                    testID="Eye"
                  >
                    <View
                      style={
                        Array [
                          Object {
                            "overflow": "hidden",
                          },
                          Object {
                            "height": 25,
                            "marginRight": 18,
                            "width": 25,
                          },
                        ]
                      }
                    >
                      <FastImageView
                        resizeMode="cover"
                        source={
                          Object {
                            "cache": "immutable",
                            "uri": undefined,
                          }
                        }
                        style={
                          Object {
                            "bottom": 0,
                            "left": 0,
                            "position": "absolute",
                            "right": 0,
                            "top": 0,
                          }
                        }
                      />
                    </View>
                  </View>
                </View>
              </View>
            </View>
            <View>
              <Text
                style={
                  Array [
                    Object {
                      "color": "#2B342C",
                      "fontFamily": "SofiaProRegular",
                      "fontSize": 12,
                      "height": 16,
                      "marginTop": 16,
                    },
                  ]
                }
              >
                [missing "en.PASSWORD_SETTINGS.CONFIRM_NEW_PASSWORD" translation]
              </Text>
              <View
                style={
                  Array [
                    Object {
                      "height": "auto",
                      "width": 724,
                    },
                    Object {
                      "backgroundColor": "#FFFFFF",
                    },
                  ]
                }
              >
                <View
                  style={
                    Array [
                      Object {
                        "alignItems": "center",
                        "backgroundColor": "#FFFFFF",
                        "borderRadius": 4,
                        "height": 48,
                        "justifyContent": "center",
                        "marginTop": 4,
                        "width": "100%",
                      },
                      Object {
                        "backgroundColor": "#F7F7F7",
                        "borderRadius": 4,
                        "flexDirection": "row",
                        "marginTop": 4,
                      },
                      Object {
                        "flexDirection": "row",
                      },
                      null,
                    ]
                  }
                >
                  <TextInput
                    accessibilityLabel="confirmPassword"
                    allowFontScaling={true}
                    blurOnSubmit={false}
                    editable={true}
                    onChangeText={[Function]}
                    onSubmitEditing={[Function]}
                    placeholder="[missing \\"en.PASSWORD_SETTINGS.ENTER_NEW_PASSWORD\\" translation]"
                    placeholderTextColor="#8D8C91"
                    rejectResponderTermination={true}
                    returnKeyType="done"
                    secureTextEntry={true}
                    style={
                      Array [
                        Object {
                          "color": "#2B342C",
                          "fontSize": 18,
                          "fontWeight": "500",
                          "lineHeight": 20,
                          "paddingLeft": 19,
                          "paddingRight": 19,
                          "width": "100%",
                        },
                        Object {
                          "marginLeft": 0,
                          "width": "90%",
                        },
                      ]
                    }
                    testID="confirmPassword"
                    underlineColorAndroid="transparent"
                    value=""
                  />
                  <View
                    accessibilityLabel="Eye"
                    accessible={true}
                    focusable={true}
                    onClick={[Function]}
                    onResponderGrant={[Function]}
                    onResponderMove={[Function]}
                    onResponderRelease={[Function]}
                    onResponderTerminate={[Function]}
                    onResponderTerminationRequest={[Function]}
                    onStartShouldSetResponder={[Function]}
                    style={
                      Object {
                        "opacity": 1,
                      }
                    }
                    testID="Eye"
                  >
                    <View
                      style={
                        Array [
                          Object {
                            "overflow": "hidden",
                          },
                          Object {
                            "height": 25,
                            "marginRight": 18,
                            "width": 25,
                          },
                        ]
                      }
                    >
                      <FastImageView
                        resizeMode="cover"
                        source={
                          Object {
                            "cache": "immutable",
                            "uri": undefined,
                          }
                        }
                        style={
                          Object {
                            "bottom": 0,
                            "left": 0,
                            "position": "absolute",
                            "right": 0,
                            "top": 0,
                          }
                        }
                      />
                    </View>
                  </View>
                </View>
              </View>
            </View>
          </View>
        </View>
        <View
          style={
            Object {
              "flexDirection": "row",
              "marginTop": 28,
            }
          }
        />
      </View>
    </RCTScrollView>
  </View>
  <View
    style={
      Object {
        "bottom": 157.41199999999998,
        "position": "absolute",
      }
    }
  >
    <Text
      onPress={[Function]}
      style={
        Object {
          "alignSelf": "center",
          "bottom": 44,
          "color": "#02BF8E",
          "fontFamily": "SofiaProRegular",
          "fontSize": 18,
          "height": 20,
        }
      }
    >
      [missing "en.LOGIN_SCREEN_STRINGS.PASSWORD_FORGOTTEN" translation]
    </Text>
  </View>
</View>
`;
