// Jest Snapshot v1, https://goo.gl/fbAQLP

exports[`Vaccine Form initial vaccine form data 1`] = `
<View
  style={
    Object {
      "height": "auto",
      "justifyContent": "center",
      "marginTop": 16,
      "paddingBottom": 16,
      "width": 750,
    }
  }
>
  <RCTScrollView
    collapsable={false}
    onGestureHandlerEvent={[Function]}
    onGestureHandlerStateChange={[Function]}
  >
    <View>
      <View
        style={
          Object {
            "marginLeft": 13,
            "width": 724,
          }
        }
      >
        <View
          style={
            Object {
              "height": "auto",
              "width": "auto",
            }
          }
        >
          <Text
            style={
              Array [
                Object {
                  "color": "#2B342C",
                  "fontFamily": "SofiaProRegular",
                  "fontSize": 12,
                  "height": 16,
                  "marginTop": 16,
                },
              ]
            }
          >
            [missing "en.VACCINE_SCREEN.VACCINE_NAME" translation]
          </Text>
          <View
            style={
              Array [
                Object {
                  "alignItems": "center",
                  "backgroundColor": "#FFFFFF",
                  "borderRadius": 4,
                  "flexDirection": "row",
                  "height": 48,
                  "marginTop": 4,
                },
                undefined,
                null,
              ]
            }
          >
            <View />
            <Image
              source={
                Object {
                  "ReactComponent": [Function],
                }
              }
              style={
                Object {
                  "height": 9,
                  "position": "absolute",
                  "right": 18,
                  "width": 18,
                }
              }
            />
          </View>
        </View>
        <View
          style={
            Object {
              "height": "auto",
              "width": "auto",
            }
          }
        >
          <Text
            style={
              Array [
                Object {
                  "color": "#2B342C",
                  "fontFamily": "SofiaProRegular",
                  "fontSize": 12,
                  "height": 16,
                  "marginTop": 16,
                },
              ]
            }
          >
            [missing "en.VACCINE_SCREEN.CENTRE" translation]
          </Text>
          <View
            style={
              Array [
                Object {
                  "height": "auto",
                  "width": 724,
                },
                undefined,
              ]
            }
          >
            <View
              style={
                Array [
                  Object {
                    "alignItems": "center",
                    "backgroundColor": "#FFFFFF",
                    "borderRadius": 4,
                    "height": 48,
                    "justifyContent": "center",
                    "marginTop": 4,
                    "width": "100%",
                  },
                  undefined,
                  null,
                ]
              }
            >
              <TextInput
                accessibilityLabel="vaccine centre"
                accessible={true}
                allowFontScaling={true}
                blurOnSubmit={true}
                numberOfLines={1}
                onChangeText={[Function]}
                placeholder="[missing \\"en.VACCINE_SCREEN.WHERE\\" translation]"
                placeholderTextColor="#8D8C91"
                rejectResponderTermination={true}
                style={
                  Array [
                    Object {
                      "color": "#2B342C",
                      "fontSize": 18,
                      "fontWeight": "500",
                      "lineHeight": 20,
                      "paddingLeft": 19,
                      "paddingRight": 19,
                      "width": "100%",
                    },
                    Object {},
                  ]
                }
                testID="vaccine centre"
                underlineColorAndroid="transparent"
                value=""
              />
            </View>
          </View>
        </View>
        <View
          style={
            Object {
              "height": "auto",
              "width": "auto",
            }
          }
        >
          <Text
            style={
              Array [
                Object {
                  "color": "#2B342C",
                  "fontFamily": "SofiaProRegular",
                  "fontSize": 12,
                  "height": 16,
                  "marginTop": 16,
                },
              ]
            }
          >
            [missing "en.VACCINE_SCREEN.DATE" translation]
          </Text>
          <View>
            <View
              style={
                Array [
                  Object {
                    "backgroundColor": "#FFFFFF",
                    "borderRadius": 4,
                    "flexDirection": "row",
                    "height": 48,
                  },
                  null,
                  undefined,
                ]
              }
            >
              <View
                style={
                  Array [
                    Object {
                      "alignItems": "center",
                      "borderRadius": 4,
                      "height": 52,
                      "justifyContent": "center",
                      "shadowColor": "#DDDDDD",
                      "shadowOffset": Object {
                        "height": 8,
                        "width": 0,
                      },
                      "shadowOpacity": 0.75,
                      "shadowRadius": 4,
                    },
                    Object {
                      "height": "100%",
                      "shadowColor": "rgba(0,0,0,0)",
                      "width": "100%",
                    },
                  ]
                }
              >
                <View
                  accessibilityLabel="vaccine date"
                  accessible={true}
                  focusable={true}
                  onClick={[Function]}
                  onResponderGrant={[Function]}
                  onResponderMove={[Function]}
                  onResponderRelease={[Function]}
                  onResponderTerminate={[Function]}
                  onResponderTerminationRequest={[Function]}
                  onStartShouldSetResponder={[Function]}
                  style={
                    Object {
                      "alignItems": "center",
                      "backgroundColor": undefined,
                      "borderRadius": 4,
                      "height": "100%",
                      "justifyContent": "center",
                      "opacity": 1,
                      "width": 724,
                    }
                  }
                  testID="vaccine date"
                >
                  <Text
                    numberOfLines={1}
                    style={
                      Array [
                        Object {
                          "fontFamily": "SofiaProRegular",
                          "fontSize": 17,
                          "textAlign": "center",
                        },
                        Object {
                          "color": "#2B342C",
                          "left": 16,
                          "position": "absolute",
                        },
                      ]
                    }
                  >
                    [missing "en.STRINGS.DATE" translation]
                  </Text>
                  <View
                    style={
                      Array [
                        Object {
                          "overflow": "hidden",
                        },
                        Array [
                          Object {
                            "height": 18,
                            "position": "absolute",
                            "right": 18,
                            "width": 18,
                          },
                          undefined,
                        ],
                      ]
                    }
                  >
                    <FastImageView
                      resizeMode="contain"
                      source={
                        Object {
                          "cache": "immutable",
                          "uri": undefined,
                        }
                      }
                      style={
                        Object {
                          "bottom": 0,
                          "left": 0,
                          "position": "absolute",
                          "right": 0,
                          "top": 0,
                        }
                      }
                    />
                  </View>
                </View>
              </View>
            </View>
          </View>
        </View>
        <View
          style={
            Object {
              "height": "auto",
              "width": "auto",
            }
          }
        >
          <Text
            style={
              Array [
                Object {
                  "color": "#2B342C",
                  "fontFamily": "SofiaProRegular",
                  "fontSize": 12,
                  "height": 16,
                  "marginTop": 16,
                },
              ]
            }
          >
            [missing "en.VACCINE_SCREEN.EXPIRATION_DATE" translation]
          </Text>
          <View>
            <View
              style={
                Array [
                  Object {
                    "backgroundColor": "#FFFFFF",
                    "borderRadius": 4,
                    "flexDirection": "row",
                    "height": 48,
                  },
                  null,
                  undefined,
                ]
              }
            >
              <View
                style={
                  Array [
                    Object {
                      "alignItems": "center",
                      "borderRadius": 4,
                      "height": 52,
                      "justifyContent": "center",
                      "shadowColor": "#DDDDDD",
                      "shadowOffset": Object {
                        "height": 8,
                        "width": 0,
                      },
                      "shadowOpacity": 0.75,
                      "shadowRadius": 4,
                    },
                    Object {
                      "height": "100%",
                      "shadowColor": "rgba(0,0,0,0)",
                      "width": "100%",
                    },
                  ]
                }
              >
                <View
                  accessibilityLabel="vaccine expiration date"
                  accessible={true}
                  focusable={true}
                  onClick={[Function]}
                  onResponderGrant={[Function]}
                  onResponderMove={[Function]}
                  onResponderRelease={[Function]}
                  onResponderTerminate={[Function]}
                  onResponderTerminationRequest={[Function]}
                  onStartShouldSetResponder={[Function]}
                  style={
                    Object {
                      "alignItems": "center",
                      "backgroundColor": undefined,
                      "borderRadius": 4,
                      "height": "100%",
                      "justifyContent": "center",
                      "opacity": 1,
                      "width": 724,
                    }
                  }
                  testID="vaccine expiration date"
                >
                  <Text
                    numberOfLines={1}
                    style={
                      Array [
                        Object {
                          "fontFamily": "SofiaProRegular",
                          "fontSize": 17,
                          "textAlign": "center",
                        },
                        Object {
                          "color": "#2B342C",
                          "left": 16,
                          "position": "absolute",
                        },
                      ]
                    }
                  >
                    [missing "en.STRINGS.DATE" translation]
                  </Text>
                  <View
                    style={
                      Array [
                        Object {
                          "overflow": "hidden",
                        },
                        Array [
                          Object {
                            "height": 18,
                            "position": "absolute",
                            "right": 18,
                            "width": 18,
                          },
                          undefined,
                        ],
                      ]
                    }
                  >
                    <FastImageView
                      resizeMode="contain"
                      source={
                        Object {
                          "cache": "immutable",
                          "uri": undefined,
                        }
                      }
                      style={
                        Object {
                          "bottom": 0,
                          "left": 0,
                          "position": "absolute",
                          "right": 0,
                          "top": 0,
                        }
                      }
                    />
                  </View>
                </View>
              </View>
            </View>
          </View>
        </View>
        <View
          style={
            Object {
              "height": "auto",
              "width": "auto",
            }
          }
        >
          <Text
            style={
              Array [
                Object {
                  "color": "#2B342C",
                  "fontFamily": "SofiaProRegular",
                  "fontSize": 12,
                  "height": 16,
                  "marginTop": 16,
                },
              ]
            }
          >
            [missing "en.VACCINE_SCREEN.DOCUMENT" translation]
          </Text>
          <View>
            <View
              style={
                Array [
                  Object {
                    "backgroundColor": "#FFFFFF",
                    "borderRadius": 4,
                    "flexDirection": "row",
                    "height": 48,
                  },
                  null,
                  Array [
                    Object {
                      "borderStyle": "dotted",
                      "borderWidth": 1,
                      "justifyContent": "center",
                      "marginTop": 8,
                    },
                    undefined,
                  ],
                ]
              }
            >
              <View
                style={
                  Array [
                    Object {
                      "alignItems": "center",
                      "borderRadius": 4,
                      "height": 52,
                      "justifyContent": "center",
                      "shadowColor": "#DDDDDD",
                      "shadowOffset": Object {
                        "height": 8,
                        "width": 0,
                      },
                      "shadowOpacity": 0.75,
                      "shadowRadius": 4,
                    },
                    Object {
                      "height": "100%",
                      "shadowColor": "rgba(0,0,0,0)",
                      "width": "100%",
                    },
                  ]
                }
              >
                <View
                  accessibilityLabel="ImagePicker"
                  accessible={true}
                  focusable={true}
                  onClick={[Function]}
                  onResponderGrant={[Function]}
                  onResponderMove={[Function]}
                  onResponderRelease={[Function]}
                  onResponderTerminate={[Function]}
                  onResponderTerminationRequest={[Function]}
                  onStartShouldSetResponder={[Function]}
                  style={
                    Object {
                      "alignItems": "center",
                      "alignSelf": "center",
                      "backgroundColor": undefined,
                      "borderRadius": 4,
                      "flexDirection": "row",
                      "height": "100%",
                      "justifyContent": "center",
                      "opacity": 1,
                      "width": "auto",
                    }
                  }
                  testID="ImagePicker"
                >
                  <Text
                    numberOfLines={1}
                    style={
                      Array [
                        Object {
                          "fontFamily": "SofiaProRegular",
                          "fontSize": 17,
                          "textAlign": "center",
                        },
                        Object {
                          "alignSelf": "center",
                          "color": "#2B342C",
                          "fontSize": 18,
                          "maxWidth": "75%",
                          "textAlign": "center",
                        },
                      ]
                    }
                  >
                    [missing "en.VACCINE_SCREEN.UPLOAD" translation]
                  </Text>
                  <View
                    style={
                      Array [
                        Object {
                          "overflow": "hidden",
                        },
                        Array [
                          Object {
                            "height": 18,
                            "position": "absolute",
                            "right": 18,
                            "width": 18,
                          },
                          Object {
                            "marginLeft": 32,
                            "position": "relative",
                          },
                        ],
                      ]
                    }
                  >
                    <FastImageView
                      resizeMode="contain"
                      source={
                        Object {
                          "cache": "immutable",
                          "uri": undefined,
                        }
                      }
                      style={
                        Object {
                          "bottom": 0,
                          "left": 0,
                          "position": "absolute",
                          "right": 0,
                          "top": 0,
                        }
                      }
                    />
                  </View>
                </View>
              </View>
            </View>
          </View>
        </View>
        <View
          style={
            Array [
              Object {
                "alignItems": "center",
                "borderRadius": 4,
                "height": 52,
                "justifyContent": "center",
                "shadowColor": "#DDDDDD",
                "shadowOffset": Object {
                  "height": 8,
                  "width": 0,
                },
                "shadowOpacity": 0.75,
                "shadowRadius": 4,
              },
              Array [
                Object {
                  "backgroundColor": "#02BF8E",
                  "marginTop": 35,
                },
                undefined,
              ],
            ]
          }
        >
          <View
            accessibilityLabel="Continue"
            accessible={true}
            focusable={true}
            onClick={[Function]}
            onResponderGrant={[Function]}
            onResponderMove={[Function]}
            onResponderRelease={[Function]}
            onResponderTerminate={[Function]}
            onResponderTerminationRequest={[Function]}
            onStartShouldSetResponder={[Function]}
            style={
              Object {
                "alignItems": "center",
                "backgroundColor": undefined,
                "borderRadius": 4,
                "height": "100%",
                "justifyContent": "center",
                "opacity": 1,
                "width": 718,
              }
            }
            testID="Continue"
          >
            <Text
              numberOfLines={1}
              style={
                Array [
                  Object {
                    "fontFamily": "SofiaProRegular",
                    "fontSize": 17,
                    "textAlign": "center",
                  },
                  Object {
                    "color": "#FFFFFF",
                  },
                ]
              }
            >
              [missing "en.STRINGS.SAVE" translation]
            </Text>
          </View>
        </View>
      </View>
      <View
        style={
          Object {
            "width": 750,
          }
        }
      >
        <View
          style={
            Array [
              Object {
                "alignItems": "center",
                "borderRadius": 4,
                "height": 52,
                "justifyContent": "center",
                "shadowColor": "#DDDDDD",
                "shadowOffset": Object {
                  "height": 8,
                  "width": 0,
                },
                "shadowOpacity": 0.75,
                "shadowRadius": 4,
              },
              Object {
                "alignSelf": "center",
                "backgroundColor": "#FFFFFF",
                "elevation": 2,
                "marginTop": 16,
                "shadowColor": "#8D8C91",
                "shadowOffset": Object {
                  "height": 2,
                  "width": 0,
                },
                "shadowOpacity": 0.25,
                "shadowRadius": 3.84,
                "width": 724,
              },
            ]
          }
        >
          <View
            accessibilityLabel="Continue"
            accessible={true}
            focusable={true}
            onClick={[Function]}
            onResponderGrant={[Function]}
            onResponderMove={[Function]}
            onResponderRelease={[Function]}
            onResponderTerminate={[Function]}
            onResponderTerminationRequest={[Function]}
            onStartShouldSetResponder={[Function]}
            style={
              Object {
                "alignItems": "center",
                "backgroundColor": undefined,
                "borderRadius": 4,
                "height": "100%",
                "justifyContent": "center",
                "opacity": 1,
                "width": 718,
              }
            }
            testID="Continue"
          >
            <Text
              numberOfLines={1}
              style={
                Array [
                  Object {
                    "fontFamily": "SofiaProRegular",
                    "fontSize": 17,
                    "textAlign": "center",
                  },
                  Object {
                    "color": "#2B342C",
                  },
                ]
              }
            >
              [missing "en.BACK.BACK_BUTTON_TITLE" translation]
            </Text>
          </View>
        </View>
      </View>
    </View>
  </RCTScrollView>
  <Text
    style={
      Array [
        Object {
          "color": "#2B342C",
          "fontFamily": "arial",
          "fontSize": 16,
          "marginTop": 8,
        },
      ]
    }
  />
</View>
`;
