// Jest Snapshot v1, https://goo.gl/fbAQLP

exports[`VerifyDocuments screen Snapshot VerifyDocuments 1`] = `
<View
  style={
    Object {
      "alignItems": "center",
      "flex": 1,
      "justifyContent": "center",
    }
  }
>
  <ActivityIndicator
    animating={true}
    color={null}
    hidesWhenStopped={true}
    size="large"
  />
</View>
`;
